// Jest Snapshot v1, https://goo.gl/fbAQLP

exports[`Testing App Component should render correctly 1`] = `
ShallowWrapper {
  Symbol(enzyme.__root__): [Circular],
  Symbol(enzyme.__unrendered__): <App />,
  Symbol(enzyme.__renderer__): Object {
    "batchedUpdates": [Function],
    "getNode": [Function],
    "render": [Function],
    "simulateError": [Function],
    "simulateEvent": [Function],
    "unmount": [Function],
  },
  Symbol(enzyme.__node__): Object {
    "instance": null,
    "key": undefined,
    "nodeType": "class",
    "props": Object {
      "children": <Provider
        store={
                Object {
                        "dispatch": [Function],
                        "getState": [Function],
                        "replaceReducer": [Function],
                        "subscribe": [Function],
                        Symbol(observable): [Function],
                      }
        }
>
        <Apollo(Apollo(Apollo(TodoList1))) />
</Provider>,
      "client": ApolloClient {
        "cache": InMemoryCache {
          "addTypename": true,
          "config": Object {
            "addTypename": true,
            "dataIdFromObject": [Function],
            "fragmentMatcher": HeuristicFragmentMatcher {},
            "storeFactory": [Function],
          },
          "data": ObjectCache {
            "data": Object {},
          },
          "optimistic": Array [],
          "silenceBroadcast": false,
          "typenameDocumentCache": WeakMap {},
          "watches": Array [],
        },
        "defaultOptions": Object {},
        "disableNetworkFetches": false,
        "link": ApolloLink {
          "request": [Function],
        },
        "mutate": [Function],
        "query": [Function],
        "queryDeduplication": true,
        "reFetchObservableQueries": [Function],
        "resetStore": [Function],
        "resetStoreCallbacks": Array [],
        "ssrMode": false,
        "store": DataStore {
          "cache": InMemoryCache {
            "addTypename": true,
            "config": Object {
              "addTypename": true,
              "dataIdFromObject": [Function],
              "fragmentMatcher": HeuristicFragmentMatcher {},
              "storeFactory": [Function],
            },
            "data": ObjectCache {
              "data": Object {},
            },
            "optimistic": Array [],
            "silenceBroadcast": false,
            "typenameDocumentCache": WeakMap {},
            "watches": Array [],
          },
        },
        "version": "2.4.1",
        "watchQuery": [Function],
      },
    },
    "ref": null,
    "rendered": Object {
      "instance": null,
      "key": undefined,
      "nodeType": "class",
      "props": Object {
        "children": <Apollo(Apollo(Apollo(TodoList1))) />,
        "store": Object {
          "dispatch": [Function],
          "getState": [Function],
          "replaceReducer": [Function],
          "subscribe": [Function],
          Symbol(observable): [Function],
        },
      },
      "ref": null,
      "rendered": Object {
        "instance": null,
        "key": undefined,
        "nodeType": "class",
        "props": Object {},
        "ref": null,
        "rendered": null,
        "type": [Function],
      },
      "type": [Function],
    },
    "type": [Function],
  },
  Symbol(enzyme.__nodes__): Array [
    Object {
      "instance": null,
      "key": undefined,
      "nodeType": "class",
      "props": Object {
        "children": <Provider
          store={
                    Object {
                              "dispatch": [Function],
                              "getState": [Function],
                              "replaceReducer": [Function],
                              "subscribe": [Function],
                              Symbol(observable): [Function],
                            }
          }
>
          <Apollo(Apollo(Apollo(TodoList1))) />
</Provider>,
        "client": ApolloClient {
          "cache": InMemoryCache {
            "addTypename": true,
            "config": Object {
              "addTypename": true,
              "dataIdFromObject": [Function],
              "fragmentMatcher": HeuristicFragmentMatcher {},
              "storeFactory": [Function],
            },
            "data": ObjectCache {
              "data": Object {},
            },
            "optimistic": Array [],
            "silenceBroadcast": false,
            "typenameDocumentCache": WeakMap {},
            "watches": Array [],
          },
          "defaultOptions": Object {},
          "disableNetworkFetches": false,
          "link": ApolloLink {
            "request": [Function],
          },
          "mutate": [Function],
          "query": [Function],
          "queryDeduplication": true,
          "reFetchObservableQueries": [Function],
          "resetStore": [Function],
          "resetStoreCallbacks": Array [],
          "ssrMode": false,
          "store": DataStore {
            "cache": InMemoryCache {
              "addTypename": true,
              "config": Object {
                "addTypename": true,
                "dataIdFromObject": [Function],
                "fragmentMatcher": HeuristicFragmentMatcher {},
                "storeFactory": [Function],
              },
              "data": ObjectCache {
                "data": Object {},
              },
              "optimistic": Array [],
              "silenceBroadcast": false,
              "typenameDocumentCache": WeakMap {},
              "watches": Array [],
            },
          },
          "version": "2.4.1",
          "watchQuery": [Function],
        },
      },
      "ref": null,
      "rendered": Object {
        "instance": null,
        "key": undefined,
        "nodeType": "class",
        "props": Object {
          "children": <Apollo(Apollo(Apollo(TodoList1))) />,
          "store": Object {
            "dispatch": [Function],
            "getState": [Function],
            "replaceReducer": [Function],
            "subscribe": [Function],
            Symbol(observable): [Function],
          },
        },
        "ref": null,
        "rendered": Object {
          "instance": null,
          "key": undefined,
          "nodeType": "class",
          "props": Object {},
          "ref": null,
          "rendered": null,
          "type": [Function],
        },
        "type": [Function],
      },
      "type": [Function],
    },
  ],
  Symbol(enzyme.__options__): Object {
    "adapter": ReactSixteenAdapter {
      "options": Object {
        "enableComponentDidUpdateOnSetState": true,
        "lifecycles": Object {
          "componentDidUpdate": Object {
            "onSetState": true,
          },
          "getDerivedStateFromProps": true,
          "getSnapshotBeforeUpdate": true,
          "setState": Object {
            "skipsComponentDidUpdateOnNullish": true,
          },
        },
      },
    },
    "attachTo": undefined,
    "hydrateIn": undefined,
  },
}
`;
